INFO: [VRFC 10-2263] Analyzing SystemVerilog file "H:/VIVADO_PROJECTS/CPU/CPU.srcs/sources_1/imports/RTL/control_unit.sv" into library xil_defaultlib
INFO: [VRFC 10-311] analyzing module control_unit
INFO: [VRFC 10-2263] Analyzing SystemVerilog file "H:/VIVADO_PROJECTS/CPU/CPU.srcs/sources_1/imports/RTL/cpu_core.sv" into library xil_defaultlib
INFO: [VRFC 10-311] analyzing module cpu_core
INFO: [VRFC 10-2263] Analyzing SystemVerilog file "H:/VIVADO_PROJECTS/CPU/CPU.srcs/sources_1/imports/RTL/dccm_wrapper.sv" into library xil_defaultlib
INFO: [VRFC 10-311] analyzing module dccm_wrapper
INFO: [VRFC 10-2263] Analyzing SystemVerilog file "H:/VIVADO_PROJECTS/CPU/CPU.srcs/sources_1/imports/RTL/iccm_wrapper.sv" into library xil_defaultlib
INFO: [VRFC 10-311] analyzing module iccm_wrapper
INFO: [VRFC 10-2263] Analyzing SystemVerilog file "H:/VIVADO_PROJECTS/CPU/CPU.srcs/sources_1/imports/RTL/instruction_fetch_unit.sv" into library xil_defaultlib
INFO: [VRFC 10-311] analyzing module instruction_fetch_unit
INFO: [VRFC 10-2263] Analyzing SystemVerilog file "H:/VIVADO_PROJECTS/CPU/CPU.srcs/sources_1/imports/RTL/peripheral.sv" into library xil_defaultlib
INFO: [VRFC 10-311] analyzing module peripheral
INFO: [VRFC 10-2263] Analyzing SystemVerilog file "H:/VIVADO_PROJECTS/CPU/CPU.srcs/sources_1/imports/RTL/pll_wrapper.sv" into library xil_defaultlib
INFO: [VRFC 10-311] analyzing module pll_wrapper
INFO: [VRFC 10-2263] Analyzing SystemVerilog file "H:/VIVADO_PROJECTS/CPU/CPU.srcs/sources_1/imports/RTL/start_sequence.sv" into library xil_defaultlib
INFO: [VRFC 10-311] analyzing module start_sequence
INFO: [VRFC 10-2263] Analyzing SystemVerilog file "H:/VIVADO_PROJECTS/CPU/CPU.srcs/sources_1/imports/RTL/cpu_wrapper.sv" into library xil_defaultlib
INFO: [VRFC 10-311] analyzing module cpu_wrapper
INFO: [VRFC 10-2263] Analyzing SystemVerilog file "H:/VIVADO_PROJECTS/CPU/CPU.srcs/sources_1/new/start_sequence_tb.sv" into library xil_defaultlib
INFO: [VRFC 10-311] analyzing module start_sequence_tb
INFO: [VRFC 10-2263] Analyzing SystemVerilog file "H:/VIVADO_PROJECTS/CPU/CPU.srcs/sources_1/imports/RTL/flash_memory.sv" into library xil_defaultlib
INFO: [VRFC 10-311] analyzing module flash_memory_wrapper
INFO: [VRFC 10-2263] Analyzing SystemVerilog file "H:/VIVADO_PROJECTS/CPU/CPU.srcs/sources_1/imports/RTL/instruction_decode_unit.sv" into library xil_defaultlib
INFO: [VRFC 10-311] analyzing module instruction_decode_unit
INFO: [VRFC 10-2263] Analyzing SystemVerilog file "H:/VIVADO_PROJECTS/CPU/CPU.srcs/sources_1/new/pll_wrapper_tb.sv" into library xil_defaultlib
INFO: [VRFC 10-311] analyzing module pll_wrapper_tb
INFO: [VRFC 10-2263] Analyzing SystemVerilog file "H:/VIVADO_PROJECTS/CPU/CPU.srcs/sources_1/new/iccm_wrapper_tb.sv" into library xil_defaultlib
INFO: [VRFC 10-311] analyzing module iccm_wrapper_tb
INFO: [VRFC 10-2263] Analyzing SystemVerilog file "H:/VIVADO_PROJECTS/CPU/CPU.srcs/sources_1/new/cpu_csr.sv" into library xil_defaultlib
INFO: [VRFC 10-311] analyzing module cpu_csr
INFO: [VRFC 10-2263] Analyzing SystemVerilog file "H:/VIVADO_PROJECTS/CPU/CPU.srcs/sources_1/new/instruction_fetch_unit_tb.sv" into library xil_defaultlib
INFO: [VRFC 10-311] analyzing module instruction_fetch_unit_tb
INFO: [VRFC 10-2263] Analyzing SystemVerilog file "H:/VIVADO_PROJECTS/CPU/CPU.srcs/sources_1/new/uart_wrapper.sv" into library xil_defaultlib
INFO: [VRFC 10-311] analyzing module uart_wrapper
INFO: [VRFC 10-2263] Analyzing SystemVerilog file "H:/VIVADO_PROJECTS/CPU/CPU.srcs/sources_1/new/dccm_wrapper_tb.sv" into library xil_defaultlib
INFO: [VRFC 10-311] analyzing module dccm_wrapper_tb
INFO: [VRFC 10-2263] Analyzing SystemVerilog file "H:/VIVADO_PROJECTS/CPU/CPU.srcs/sources_1/new/uart_wrapper_tb.sv" into library xil_defaultlib
INFO: [VRFC 10-311] analyzing module uart_wrapper_tb
INFO: [VRFC 10-2263] Analyzing SystemVerilog file "H:/VIVADO_PROJECTS/CPU/CPU.srcs/sources_1/new/alu.sv" into library xil_defaultlib
INFO: [VRFC 10-311] analyzing module alu
INFO: [VRFC 10-2263] Analyzing SystemVerilog file "H:/VIVADO_PROJECTS/CPU/CPU.srcs/sources_1/new/mau.sv" into library xil_defaultlib
INFO: [VRFC 10-311] analyzing module mau
INFO: [VRFC 10-2263] Analyzing SystemVerilog file "H:/VIVADO_PROJECTS/CPU/CPU.srcs/sources_1/new/mau_tb.sv" into library xil_defaultlib
INFO: [VRFC 10-311] analyzing module mau_tb
INFO: [VRFC 10-2263] Analyzing SystemVerilog file "H:/VIVADO_PROJECTS/CPU/CPU.srcs/sources_1/new/alu_tb.sv" into library xil_defaultlib
INFO: [VRFC 10-311] analyzing module alu_tb
INFO: [VRFC 10-2263] Analyzing SystemVerilog file "H:/VIVADO_PROJECTS/CPU/CPU.srcs/sources_1/new/control_unit_tb.sv" into library xil_defaultlib
INFO: [VRFC 10-311] analyzing module control_unit_tb
INFO: [VRFC 10-2263] Analyzing SystemVerilog file "H:/VIVADO_PROJECTS/CPU/CPU.srcs/sources_1/new/tb_cpu_csr.sv" into library xil_defaultlib
INFO: [VRFC 10-311] analyzing module tb_cpu_csr
INFO: [VRFC 10-2263] Analyzing SystemVerilog file "H:/VIVADO_PROJECTS/CPU/CPU.srcs/sources_1/new/register_file.sv" into library xil_defaultlib
INFO: [VRFC 10-311] analyzing module register_file
INFO: [VRFC 10-2263] Analyzing SystemVerilog file "H:/VIVADO_PROJECTS/CPU/CPU.srcs/sources_1/new/register_file_tb.sv" into library xil_defaultlib
INFO: [VRFC 10-311] analyzing module register_file_tb
INFO: [VRFC 10-2263] Analyzing SystemVerilog file "H:/VIVADO_PROJECTS/CPU/CPU.srcs/sources_1/new/instruction_decode_unit_tb.sv" into library xil_defaultlib
INFO: [VRFC 10-311] analyzing module instruction_decode_unit_tb
INFO: [VRFC 10-2263] Analyzing SystemVerilog file "H:/VIVADO_PROJECTS/CPU/CPU.srcs/sources_1/new/program_counter.sv" into library xil_defaultlib
INFO: [VRFC 10-311] analyzing module program_counter
INFO: [VRFC 10-2263] Analyzing SystemVerilog file "H:/VIVADO_PROJECTS/CPU/CPU.srcs/sources_1/new/program_counter_tb.sv" into library xil_defaultlib
INFO: [VRFC 10-311] analyzing module program_counter_tb
INFO: [VRFC 10-2263] Analyzing SystemVerilog file "H:/VIVADO_PROJECTS/CPU/CPU.srcs/sources_1/new/cpu_core_tb.sv" into library xil_defaultlib
INFO: [VRFC 10-311] analyzing module cpu_core_tb
