Vivado Simulator v2023.2
Copyright 1986-2022 Xilinx, Inc. All Rights Reserved.
Copyright 2022-2023 Advanced Micro Devices, Inc. All Rights Reserved.
Running: H:/Xlinix/Vivado/2023.2/bin/unwrapped/win64.o/xelab.exe --incr --debug typical --relax --mt 2 -L xil_defaultlib -L axi_bram_ctrl_v4_1_9 -L blk_mem_gen_v8_4_7 -L lib_pkg_v1_0_3 -L lib_srl_fifo_v1_0_3 -L emc_common_v3_0_6 -L axi_emc_v3_0_29 -L axi_lite_ipif_v3_0_4 -L lib_cdc_v1_0_2 -L axi_uartlite_v2_0_33 -L dist_mem_gen_v8_0_14 -L fifo_generator_v13_2_9 -L lib_fifo_v1_0_18 -L interrupt_control_v3_1_5 -L axi_quad_spi_v3_2_28 -L uvm -L unisims_ver -L unimacro_ver -L secureip -L xpm --snapshot cpu_core_tb_behav xil_defaultlib.cpu_core_tb xil_defaultlib.glbl -log elaborate.log 
Using 2 slave threads.
Starting static elaboration
Pass Through NonSizing Optimizer
WARNING: [VRFC 10-3091] actual bit length 1 differs from formal bit length 32 for port 's_axi_araddr' [H:/VIVADO_PROJECTS/CPU/CPU.srcs/sources_1/imports/RTL/cpu_core.sv:247]
WARNING: [VRFC 10-3091] actual bit length 1 differs from formal bit length 2 for port 's_axi_arburst' [H:/VIVADO_PROJECTS/CPU/CPU.srcs/sources_1/imports/RTL/cpu_core.sv:248]
WARNING: [VRFC 10-3091] actual bit length 1 differs from formal bit length 4 for port 's_axi_arid' [H:/VIVADO_PROJECTS/CPU/CPU.srcs/sources_1/imports/RTL/cpu_core.sv:249]
WARNING: [VRFC 10-3091] actual bit length 1 differs from formal bit length 8 for port 's_axi_arlen' [H:/VIVADO_PROJECTS/CPU/CPU.srcs/sources_1/imports/RTL/cpu_core.sv:250]
WARNING: [VRFC 10-3091] actual bit length 1 differs from formal bit length 32 for port 's_axi_rdata' [H:/VIVADO_PROJECTS/CPU/CPU.srcs/sources_1/imports/RTL/cpu_core.sv:255]
WARNING: [VRFC 10-3091] actual bit length 1 differs from formal bit length 32 for port 's_axi_awaddr' [H:/VIVADO_PROJECTS/CPU/CPU.srcs/sources_1/imports/RTL/cpu_core.sv:260]
WARNING: [VRFC 10-3091] actual bit length 1 differs from formal bit length 2 for port 's_axi_awburst' [H:/VIVADO_PROJECTS/CPU/CPU.srcs/sources_1/imports/RTL/cpu_core.sv:261]
WARNING: [VRFC 10-3091] actual bit length 1 differs from formal bit length 4 for port 's_axi_awid' [H:/VIVADO_PROJECTS/CPU/CPU.srcs/sources_1/imports/RTL/cpu_core.sv:262]
WARNING: [VRFC 10-3091] actual bit length 1 differs from formal bit length 8 for port 's_axi_awlen' [H:/VIVADO_PROJECTS/CPU/CPU.srcs/sources_1/imports/RTL/cpu_core.sv:263]
WARNING: [VRFC 10-3091] actual bit length 1 differs from formal bit length 32 for port 's_axi_wdata' [H:/VIVADO_PROJECTS/CPU/CPU.srcs/sources_1/imports/RTL/cpu_core.sv:268]
WARNING: [VRFC 10-3129] assignment to input 'iccm_axi_awready' [H:/VIVADO_PROJECTS/CPU/CPU.srcs/sources_1/imports/RTL/cpu_core.sv:195]
WARNING: [VRFC 10-3129] assignment to input 'iccm_axi_wready' [H:/VIVADO_PROJECTS/CPU/CPU.srcs/sources_1/imports/RTL/cpu_core.sv:200]
WARNING: [VRFC 10-3129] assignment to input 'iccm_axi_bvalid' [H:/VIVADO_PROJECTS/CPU/CPU.srcs/sources_1/imports/RTL/cpu_core.sv:203]
WARNING: [VRFC 10-5021] port 's_axi_awsize' is not connected on this instance [H:/VIVADO_PROJECTS/CPU/CPU.srcs/sources_1/imports/RTL/cpu_core.sv:173]
WARNING: [VRFC 10-5021] port 's_axi_arsize' is not connected on this instance [H:/VIVADO_PROJECTS/CPU/CPU.srcs/sources_1/imports/RTL/cpu_core.sv:242]
Completed static elaboration
Starting simulation data flow analysis
WARNING: [XSIM 43-4099] "H:/VIVADO_PROJECTS/CPU/CPU.srcs/sources_1/imports/RTL/control_unit.sv" Line 1. Module control_unit doesn't have a timescale but at least one module in design has a timescale.
WARNING: [XSIM 43-4099] "H:/VIVADO_PROJECTS/CPU/CPU.srcs/sources_1/imports/RTL/control_unit.sv" Line 1. Module control_unit doesn't have a timescale but at least one module in design has a timescale.
Completed simulation data flow analysis
Time Resolution for simulation is 1ps
Compiling module xil_defaultlib.program_counter
Compiling module xil_defaultlib.control_unit
Compiling module xil_defaultlib.instruction_fetch_unit
Compiling module xil_defaultlib.register_file
Compiling module blk_mem_gen_v8_4_7.beh_vlog_ff_clr_v8_4
Compiling module blk_mem_gen_v8_4_7.beh_vlog_ff_pre_v8_4
Compiling module blk_mem_gen_v8_4_7.STATE_LOGIC_v8_4(INIT=64'b010101...
Compiling module blk_mem_gen_v8_4_7.STATE_LOGIC_v8_4(INIT=64'b101111...
Compiling module blk_mem_gen_v8_4_7.STATE_LOGIC_v8_4(INIT=64'b101010...
Compiling module blk_mem_gen_v8_4_7.STATE_LOGIC_v8_4(INIT=64'b010101...
Compiling module blk_mem_gen_v8_4_7.STATE_LOGIC_v8_4(INIT=64'b010001...
Compiling module blk_mem_gen_v8_4_7.STATE_LOGIC_v8_4(INIT=64'b010001...
Compiling module blk_mem_gen_v8_4_7.STATE_LOGIC_v8_4(INIT=64'b011010...
Compiling module blk_mem_gen_v8_4_7.STATE_LOGIC_v8_4(INIT=64'b111111...
Compiling module blk_mem_gen_v8_4_7.STATE_LOGIC_v8_4(INIT=64'b011000...
Compiling module blk_mem_gen_v8_4_7.STATE_LOGIC_v8_4(INIT=64'b011111...
Compiling module blk_mem_gen_v8_4_7.STATE_LOGIC_v8_4(INIT=64'b0111)
Compiling module blk_mem_gen_v8_4_7.STATE_LOGIC_v8_4(INIT=64'b111110...
Compiling module blk_mem_gen_v8_4_7.STATE_LOGIC_v8_4(INIT=64'b01000)
Compiling module blk_mem_gen_v8_4_7.STATE_LOGIC_v8_4(INIT=64'b100010...
Compiling module blk_mem_gen_v8_4_7.write_netlist_v8_4(C_AXI_TYPE=1)
Compiling module blk_mem_gen_v8_4_7.blk_mem_axi_write_wrapper_beh_v8...
Compiling module blk_mem_gen_v8_4_7.beh_vlog_ff_ce_clr_v8_4
Compiling module blk_mem_gen_v8_4_7.STATE_LOGIC_v8_4(INIT=64'b01011)
Compiling module blk_mem_gen_v8_4_7.STATE_LOGIC_v8_4(INIT=64'b0100)
Compiling module blk_mem_gen_v8_4_7.STATE_LOGIC_v8_4(INIT=64'b111011...
Compiling module blk_mem_gen_v8_4_7.STATE_LOGIC_v8_4(INIT=64'b010001...
Compiling module blk_mem_gen_v8_4_7.STATE_LOGIC_v8_4(INIT=64'b010000...
Compiling module blk_mem_gen_v8_4_7.STATE_LOGIC_v8_4(INIT=64'b011111...
Compiling module blk_mem_gen_v8_4_7.STATE_LOGIC_v8_4(INIT=64'b01)
Compiling module blk_mem_gen_v8_4_7.STATE_LOGIC_v8_4(INIT=64'b010000...
Compiling module blk_mem_gen_v8_4_7.STATE_LOGIC_v8_4(INIT=64'b010001...
Compiling module blk_mem_gen_v8_4_7.STATE_LOGIC_v8_4(INIT=64'b011101...
Compiling module blk_mem_gen_v8_4_7.STATE_LOGIC_v8_4(INIT=64'b111111...
Compiling module blk_mem_gen_v8_4_7.STATE_LOGIC_v8_4(INIT=64'b010101...
Compiling module blk_mem_gen_v8_4_7.STATE_LOGIC_v8_4(INIT=64'b111100...
Compiling module blk_mem_gen_v8_4_7.beh_vlog_muxf7_v8_4
Compiling module blk_mem_gen_v8_4_7.STATE_LOGIC_v8_4(INIT=64'b010101...
Compiling module blk_mem_gen_v8_4_7.STATE_LOGIC_v8_4(INIT=64'b011100...
Compiling module blk_mem_gen_v8_4_7.STATE_LOGIC_v8_4(INIT=64'b011111...
Compiling module blk_mem_gen_v8_4_7.STATE_LOGIC_v8_4(INIT=64'b010001...
Compiling module blk_mem_gen_v8_4_7.STATE_LOGIC_v8_4(INIT=64'b010001...
Compiling module blk_mem_gen_v8_4_7.STATE_LOGIC_v8_4(INIT=64'b011100...
Compiling module blk_mem_gen_v8_4_7.read_netlist_v8_4(C_ADDRB_WIDTH=...
Compiling module blk_mem_gen_v8_4_7.blk_mem_axi_read_wrapper_beh_v8_...
Compiling module blk_mem_gen_v8_4_7.blk_mem_gen_v8_4_7_output_stage(...
Compiling module blk_mem_gen_v8_4_7.blk_mem_gen_v8_4_7_output_stage(...
Compiling module blk_mem_gen_v8_4_7.blk_mem_gen_v8_4_7_softecc_outpu...
Compiling module blk_mem_gen_v8_4_7.blk_mem_gen_v8_4_7_mem_module(C_...
Compiling module blk_mem_gen_v8_4_7.blk_mem_gen_v8_4_7(C_FAMILY="art...
Compiling module xil_defaultlib.blk_mem_gen_1
Compiling module xil_defaultlib.iccm_wrapper
Compiling module xil_defaultlib.instruction_decode_unit
Compiling module xil_defaultlib.alu
Compiling module xil_defaultlib.dccm_wrapper
Compiling module xil_defaultlib.cpu_core
Compiling module xil_defaultlib.cpu_core_tb
Compiling module xil_defaultlib.glbl
Built simulation snapshot cpu_core_tb_behav
